[  154.048563] morse micro driver registration. Version 0-rel_mm6108_2_0_1_2026_Jun_11
[  154.048741] morse_spi spi0.0: morse_of_probe: Reading gpio pins configuration from device tree
[  154.048773] Resetting Morse Chip
[  154.068781] Done
[  154.149041] uaccess char driver major number is 236
[  154.149194] morse_io: Device node '/dev/morse_io' created successfully
[  154.161305] morse_spi spi0.0: Loaded firmware from morse/mm6108.bin, size 468304, crc32 0xbe7b5c8f
[  154.161963] morse_spi spi0.0: Loaded BCF from morse/bcf_fgh100mhaamd.bin, size 1251, crc32 0x941b2a82
[  154.162042] morse_spi_find_data_ack failed (window 11 bytes)
[  154.162048] morse ackwin: 00000000: ff ff ff ff ff ff ff ff ff ff ff
[  154.162052] morse_spi_cmd53_write failed
[  154.162054] morse w53: 00000000: ff ff ff ff ff ff ff ff 00 00 ff ff ff ff ff ff
[  154.162057] morse w53: 00000010: ff ff ff ff ff ff ff ff ff ff
[  154.162062] morse_spi spi0.0: spi: cmd53_write fn=1 0x00004050:4 r=0x10050002 b=0xffffffff (ret:-71)
[  154.162069] morse_spi spi0.0: morse_spi_reg32_write failed (errno=-71)
[  154.583653] morse_spi spi0.0: spi: set_address_base fn=1 0x00010000:1 r=0xffffffff b=0xffffffff (ret:-61)
[  154.583669] morse_spi spi0.0: morse_spi_reg32_write failed (errno=-95)
[  154.583693] morse_spi spi0.0: spi: set_address_base fn=1 0x00010000:1 r=0xffffffff b=0xffffffff (ret:-61)
[  154.583699] morse_spi spi0.0: morse_spi_reg32_write failed (errno=-95)
[  154.583723] morse_spi spi0.0: spi: set_address_base fn=1 0x00010000:1 r=0xffffffff b=0xffffffff (ret:-61)
[  154.583728] morse_spi spi0.0: morse_spi_reg32_write failed (errno=-95)
[  154.998601] morse_spi spi0.0: spi: set_address_base fn=1 0x00010000:1 r=0xffffffff b=0xffffffff (ret:-61)
[  154.998620] morse_spi spi0.0: morse_spi_reg32_write failed (errno=-95)
[  154.998645] morse_spi spi0.0: spi: set_address_base fn=1 0x00010000:1 r=0xffffffff b=0xffffffff (ret:-61)
[  154.998650] morse_spi spi0.0: morse_spi_reg32_write failed (errno=-95)
[  154.998674] morse_spi spi0.0: spi: set_address_base fn=1 0x00010000:1 r=0xffffffff b=0xffffffff (ret:-61)
[  154.998679] morse_spi spi0.0: morse_spi_reg32_write failed (errno=-95)
[  155.414381] morse_spi spi0.0: spi: set_address_base fn=1 0x00010000:1 r=0xffffffff b=0xffffffff (ret:-61)
[  155.414397] morse_spi spi0.0: morse_spi_reg32_write failed (errno=-95)
[  155.414422] morse_spi spi0.0: spi: set_address_base fn=1 0x00010000:1 r=0xffffffff b=0xffffffff (ret:-61)
[  155.414427] morse_spi spi0.0: morse_spi_reg32_write failed (errno=-95)
[  155.414431] morse_spi spi0.0: morse_firmware_prepare failed: -5
[  155.414720] morse_spi_probe: probe failed (ret:-5)
[  155.414726] morse_spi: probe of spi0.0 failed with error -5
