[   55.533213] morse micro driver registration. Version 0-rel_mm6108_2_0_1_2026_Jun_11
[   55.533387] morse_spi spi0.0: morse_of_probe: Reading gpio pins configuration from device tree
[   55.533416] Resetting Morse Chip
[   55.553424] Done
[   55.633634] uaccess char driver major number is 236
[   55.634062] morse_io: Device node '/dev/morse_io' created successfully
[   55.645931] morse_spi spi0.0: Loaded firmware from morse/mm6108.bin, size 468304, crc32 0xbe7b5c8f
[   55.646605] morse_spi spi0.0: Loaded BCF from morse/bcf_fgh100mhaamd.bin, size 1251, crc32 0x941b2a82
[   55.646681] morse_spi_find_data_ack failed (window 11 bytes)
[   55.646687] morse ackwin: 00000000: ff ff ff ff ff ff ff ff ff ff ff
[   55.646691] morse_spi_cmd53_write failed
[   55.646694] morse w53: 00000000: ff ff ff ff ff ff ff ff 00 00 ff ff ff ff ff ff
[   55.646697] morse w53: 00000010: ff ff ff ff ff ff ff ff ff ff
[   55.646701] morse_spi spi0.0: spi: cmd53_write fn=1 0x00004050:4 r=0x10050002 b=0xffffffff (ret:-71)
[   55.646709] morse_spi spi0.0: morse_spi_reg32_write failed (errno=-71)
[   56.061481] morse_spi spi0.0: spi: set_address_base fn=1 0x00010000:1 r=0xffffffff b=0xffffffff (ret:-61)
[   56.061500] morse_spi spi0.0: morse_spi_reg32_write failed (errno=-95)
[   56.061526] morse_spi spi0.0: spi: set_address_base fn=1 0x00010000:1 r=0xffffffff b=0xffffffff (ret:-61)
[   56.061532] morse_spi spi0.0: morse_spi_reg32_write failed (errno=-95)
[   56.061556] morse_spi spi0.0: spi: set_address_base fn=1 0x00010000:1 r=0xffffffff b=0xffffffff (ret:-61)
[   56.061562] morse_spi spi0.0: morse_spi_reg32_write failed (errno=-95)
[   56.477476] morse_spi spi0.0: spi: set_address_base fn=1 0x00010000:1 r=0xffffffff b=0xffffffff (ret:-61)
[   56.477490] morse_spi spi0.0: morse_spi_reg32_write failed (errno=-95)
[   56.477515] morse_spi spi0.0: spi: set_address_base fn=1 0x00010000:1 r=0xffffffff b=0xffffffff (ret:-61)
[   56.477520] morse_spi spi0.0: morse_spi_reg32_write failed (errno=-95)
[   56.477545] morse_spi spi0.0: spi: set_address_base fn=1 0x00010000:1 r=0xffffffff b=0xffffffff (ret:-61)
[   56.477550] morse_spi spi0.0: morse_spi_reg32_write failed (errno=-95)
[   56.893492] morse_spi spi0.0: spi: set_address_base fn=1 0x00010000:1 r=0xffffffff b=0xffffffff (ret:-61)
[   56.893511] morse_spi spi0.0: morse_spi_reg32_write failed (errno=-95)
[   56.893537] morse_spi spi0.0: spi: set_address_base fn=1 0x00010000:1 r=0xffffffff b=0xffffffff (ret:-61)
[   56.893543] morse_spi spi0.0: morse_spi_reg32_write failed (errno=-95)
[   56.893547] morse_spi spi0.0: morse_firmware_prepare failed: -5
[   56.893836] morse_spi_probe: probe failed (ret:-5)
[   56.893842] morse_spi spi0.0: probe with driver morse_spi failed with error -5
