[    0.000000] Booting Linux on physical CPU 0x0000000000 [0x410fd083]
[    0.000000] Linux version 6.12.93+rpt-rpi-v8 (serge@raspberrypi.com) (aarch64-linux-gnu-gcc-12 (Debian 12.2.0-14+deb12u1) 12.2.0, GNU ld (GNU Binutils for Debian) 2.40) #1 SMP PREEMPT Debian 1:6.12.93-1+rpt1 (2026-06-12)
[    0.000000] KASLR enabled
[    0.000000] random: crng init done
[    0.000000] Machine model: Raspberry Pi 4 Model B Rev 1.4
[    0.000000] efi: UEFI not found.
[    0.000000] Reserved memory: created CMA memory pool at 0x000000000e400000, size 512 MiB
[    0.000000] OF: reserved mem: initialized node linux,cma, compatible id shared-dma-pool
[    0.000000] OF: reserved mem: 0x000000000e400000..0x000000002e3fffff (524288 KiB) map reusable linux,cma
[    0.000000] OF: reserved mem: 0x000000003ef74d60..0x000000003ef74d95 (0 KiB) nomap non-reusable nvram@0
[    0.000000] OF: reserved mem: 0x000000003ef74b20..0x000000003ef74d1f (0 KiB) nomap non-reusable nvram@1
[    0.000000] NUMA: Faking a node at [mem 0x0000000000000000-0x00000000fbffffff]
[    0.000000] Faking node 0 at [mem 0x0000000000000000-0x000000007fffffff] (2048MB)
[    0.000000] Faking node 1 at [mem 0x0000000080000000-0x00000000fbffffff] (1984MB)
[    0.000000] NUMA: Initialized distance table, cnt=2
[    0.000000] NODE_DATA(0) allocated [mem 0x7fffd300-0x7fffffff]
[    0.000000] NODE_DATA(1) allocated [mem 0xfb7fa300-0xfb7fcfff]
[    0.000000] Zone ranges:
[    0.000000]   DMA      [mem 0x0000000000000000-0x000000003fffffff]
[    0.000000]   DMA32    [mem 0x0000000040000000-0x00000000fbffffff]
[    0.000000]   Normal   empty
[    0.000000] Movable zone start for each node
[    0.000000] Early memory node ranges
[    0.000000]   node   0: [mem 0x0000000000000000-0x000000003b3fffff]
[    0.000000]   node   0: [mem 0x0000000040000000-0x000000007fffffff]
[    0.000000]   node   1: [mem 0x0000000080000000-0x00000000fbffffff]
[    0.000000] Initmem setup node 0 [mem 0x0000000000000000-0x000000007fffffff]
[    0.000000] Initmem setup node 1 [mem 0x0000000080000000-0x00000000fbffffff]
[    0.000000] On node 0, zone DMA32: 19456 pages in unavailable ranges
[    0.000000] On node 1, zone DMA32: 16384 pages in unavailable ranges
[    0.000000] percpu: Embedded 33 pages/cpu s95256 r8192 d31720 u135168
[    0.000000] pcpu-alloc: s95256 r8192 d31720 u135168 alloc=33*4096
[    0.000000] pcpu-alloc: [0] 0 [0] 1 [0] 2 [0] 3 
[    0.000000] Detected PIPT I-cache on CPU0
[    0.000000] CPU features: detected: Spectre-v2
[    0.000000] CPU features: detected: Spectre-v3a
[    0.000000] CPU features: detected: Spectre-v4
[    0.000000] CPU features: detected: Spectre-BHB
[    0.000000] CPU features: kernel page table isolation forced ON by KASLR
[    0.000000] CPU features: detected: Kernel page table isolation (KPTI)
[    0.000000] CPU features: detected: ARM erratum 1742098
[    0.000000] CPU features: detected: ARM errata 1165522, 1319367, or 1530923
[    0.000000] alternatives: applying boot alternatives
[    0.000000] Kernel command line: coherent_pool=1M 8250.nr_uarts=0 snd_bcm2835.enable_headphones=0 cgroup_disable=memory numa_policy=interleave nvme.max_host_mem_size_mb=0 snd_bcm2835.enable_headphones=1 snd_bcm2835.enable_hdmi=1 snd_bcm2835.enable_hdmi=0  numa=fake=2 system_heap.max_order=0 iommu_dma_numa_policy=interleave smsc95xx.macaddr=E4:5F:01:52:57:E7 vc_mem.mem_base=0x3ec00000 vc_mem.mem_size=0x40000000  console=ttyS0,115200 console=tty1 root=PARTUUID=b8b95f99-02 rootfstype=ext4 fsck.repair=yes rootwait cfg80211.ieee80211_regdom=TW
[    0.000000] cgroup: Disabling memory control group subsystem
[    0.000000] mempolicy: NUMA default policy overridden to 'interleave:0-1'
[    0.000000] DMA IOMMU NUMA default policy overridden to 'interleave:0-1'
[    0.000000] Fallback order for Node 0: 0 1 
[    0.000000] Fallback order for Node 1: 1 0 
[    0.000000] Built 2 zonelists, mobility grouping on.  Total pages: 1012736
[    0.000000] Policy zone: DMA32
[    0.000000] mem auto-init: stack:all(zero), heap alloc:off, heap free:off
[    0.000000] software IO TLB: area num 4.
[    0.000000] software IO TLB: mapped [mem 0x0000000037400000-0x000000003b400000] (64MB)
[    0.000000] SLUB: HWalign=64, Order=0-3, MinObjects=0, CPUs=4, Nodes=2
[    0.000000] ftrace: allocating 45308 entries in 177 pages
[    0.000000] ftrace: allocated 177 pages with 4 groups
[    0.000000] rcu: Preemptible hierarchical RCU implementation.
[    0.000000] rcu: 	RCU event tracing is enabled.
[    0.000000] 	Trampoline variant of Tasks RCU enabled.
[    0.000000] 	Rude variant of Tasks RCU enabled.
[    0.000000] 	Tracing variant of Tasks RCU enabled.
[    0.000000] rcu: RCU calculated value of scheduler-enlistment delay is 25 jiffies.
[    0.000000] RCU Tasks: Setting shift to 2 and lim to 1 rcu_task_cb_adjust=1 rcu_task_cpu_ids=4.
[    0.000000] RCU Tasks Rude: Setting shift to 2 and lim to 1 rcu_task_cb_adjust=1 rcu_task_cpu_ids=4.
[    0.000000] RCU Tasks Trace: Setting shift to 2 and lim to 1 rcu_task_cb_adjust=1 rcu_task_cpu_ids=4.
[    0.000000] NR_IRQS: 64, nr_irqs: 64, preallocated irqs: 0
[    0.000000] Root IRQ handler: gic_handle_irq
[    0.000000] GIC: Using split EOI/Deactivate mode
[    0.000000] rcu: srcu_init: Setting srcu_struct sizes based on contention.
[    0.000000] arch_timer: cp15 timer(s) running at 54.00MHz (phys).
[    0.000000] clocksource: arch_sys_counter: mask: 0xffffffffffffff max_cycles: 0xc743ce346, max_idle_ns: 440795203123 ns
[    0.000000] sched_clock: 56 bits at 54MHz, resolution 18ns, wraps every 4398046511102ns
[    0.000151] Console: colour dummy device 80x25
[    0.000160] printk: legacy console [tty1] enabled
[    0.000457] Calibrating delay loop (skipped), value calculated using timer frequency.. 108.00 BogoMIPS (lpj=216000)
[    0.000471] pid_max: default: 32768 minimum: 301
[    0.000523] LSM: initializing lsm=capability
[    0.001989] Dentry cache hash table entries: 524288 (order: 10, 4194304 bytes, vmalloc hugepage)
[    0.003012] Inode-cache hash table entries: 262144 (order: 9, 2097152 bytes, vmalloc)
[    0.003089] Mount-cache hash table entries: 8192 (order: 4, 65536 bytes, vmalloc)
[    0.003133] Mountpoint-cache hash table entries: 8192 (order: 4, 65536 bytes, vmalloc)
[    0.004643] rcu: Hierarchical SRCU implementation.
[    0.004664] rcu: 	Max phase no-delay instances is 1000.
[    0.004797] Timer migration: 2 hierarchy levels; 8 children per group; 1 crossnode level
[    0.005409] EFI services will not be available.
[    0.005570] smp: Bringing up secondary CPUs ...
[    0.005865] Detected PIPT I-cache on CPU1
[    0.005929] CPU1: Booted secondary processor 0x0000000001 [0x410fd083]
[    0.006256] Detected PIPT I-cache on CPU2
[    0.006289] CPU2: Booted secondary processor 0x0000000002 [0x410fd083]
[    0.006602] Detected PIPT I-cache on CPU3
[    0.006636] CPU3: Booted secondary processor 0x0000000003 [0x410fd083]
[    0.006678] smp: Brought up 2 nodes, 4 CPUs
[    0.006710] SMP: Total of 4 processors activated.
[    0.006715] CPU: All CPU(s) started at EL2
[    0.006728] CPU features: detected: 32-bit EL0 Support
[    0.006733] CPU features: detected: 32-bit EL1 Support
[    0.006739] CPU features: detected: CRC32 instructions
[    0.006772] alternatives: applying system-wide alternatives
[    0.007628] Memory: 3330724K/4050944K available (14208K kernel code, 2420K rwdata, 4836K rodata, 5440K init, 577K bss, 180152K reserved, 524288K cma-reserved)
[    0.008039] devtmpfs: initialized
[    0.011931] Enabled cp15_barrier support
[    0.011962] Enabled setend support
[    0.012065] clocksource: jiffies: mask: 0xffffffff max_cycles: 0xffffffff, max_idle_ns: 7645041785100000 ns
[    0.012085] futex hash table entries: 1024 (order: 4, 65536 bytes, vmalloc)
[    0.020595] 2G module region forced by RANDOMIZE_MODULE_REGION_FULL
[    0.020627] 0 pages in range for non-PLT usage
[    0.020630] 517360 pages in range for PLT usage
[    0.020800] pinctrl core: initialized pinctrl subsystem
[    0.021122] DMI not present or invalid.
[    0.023490] NET: Registered PF_NETLINK/PF_ROUTE protocol family
[    0.024129] DMA: preallocated 1024 KiB GFP_KERNEL pool for atomic allocations
[    0.024228] DMA: preallocated 1024 KiB GFP_KERNEL|GFP_DMA pool for atomic allocations
[    0.024375] DMA: preallocated 1024 KiB GFP_KERNEL|GFP_DMA32 pool for atomic allocations
[    0.024409] audit: initializing netlink subsys (disabled)
[    0.024534] audit: type=2000 audit(0.024:1): state=initialized audit_enabled=0 res=1
[    0.024768] thermal_sys: Registered thermal governor 'step_wise'
[    0.024787] cpuidle: using governor menu
[    0.024888] hw-breakpoint: found 6 breakpoint and 4 watchpoint registers.
[    0.024936] ASID allocator initialised with 32768 entries
[    0.025317] Serial: AMBA PL011 UART driver
[    0.027716] /soc/interrupt-controller@40041000: Fixed dependency cycle(s) with /soc/interrupt-controller@40041000
[    0.028148] bcm2835-mbox fe00b880.mailbox: mailbox enabled
[    0.036104] raspberrypi-firmware soc:firmware: Attached to firmware from 2026-05-21T11:20:25, variant start
[    0.040111] raspberrypi-firmware soc:firmware: Firmware hash is 288930ab4712b99596f32732664aaaeb881ef1e0
[    0.045455] /scb/pcie@7d500000: Fixed dependency cycle(s) with /scb/pcie@7d500000
[    0.045556] /scb/pcie@7d500000: Fixed dependency cycle(s) with /scb/pcie@7d500000
[    0.050676] bcm2835-dma fe007000.dma-controller: DMA legacy API manager, dmachans=0x1
[    0.051349] iommu: Default domain type: Translated
[    0.051359] iommu: DMA domain TLB invalidation policy: strict mode
[    0.052060] SCSI subsystem initialized
[    0.052168] usbcore: registered new interface driver usbfs
[    0.052189] usbcore: registered new interface driver hub
[    0.052208] usbcore: registered new device driver usb
[    0.052370] pps_core: LinuxPPS API ver. 1 registered
[    0.052377] pps_core: Software ver. 5.3.6 - Copyright 2005-2007 Rodolfo Giometti <giometti@linux.it>
[    0.052389] PTP clock support registered
[    0.052950] vgaarb: loaded
[    0.053179] clocksource: Switched to clocksource arch_sys_counter
[    0.053387] VFS: Disk quotas dquot_6.6.0
[    0.053403] VFS: Dquot-cache hash table entries: 512 (order 0, 4096 bytes)
[    0.057033] NET: Registered PF_INET protocol family
[    0.057465] IP idents hash table entries: 65536 (order: 7, 524288 bytes, vmalloc)
[    0.059127] tcp_listen_portaddr_hash hash table entries: 2048 (order: 3, 32768 bytes, vmalloc)
[    0.059199] Table-perturb hash table entries: 65536 (order: 6, 262144 bytes, vmalloc)
[    0.059220] TCP established hash table entries: 32768 (order: 6, 262144 bytes, vmalloc)
[    0.059387] TCP bind hash table entries: 32768 (order: 8, 1048576 bytes, vmalloc)
[    0.059937] TCP: Hash tables configured (established 32768 bind 32768)
[    0.060217] MPTCP token hash table entries: 4096 (order: 5, 98304 bytes, vmalloc)
[    0.060306] UDP hash table entries: 2048 (order: 4, 65536 bytes, vmalloc)
[    0.060343] UDP-Lite hash table entries: 2048 (order: 4, 65536 bytes, vmalloc)
[    0.060452] NET: Registered PF_UNIX/PF_LOCAL protocol family
[    0.060780] RPC: Registered named UNIX socket transport module.
[    0.060789] RPC: Registered udp transport module.
[    0.060794] RPC: Registered tcp transport module.
[    0.060799] RPC: Registered tcp-with-tls transport module.
[    0.060804] RPC: Registered tcp NFSv4.1 backchannel transport module.
[    0.060825] PCI: CLS 0 bytes, default 64
[    0.061138] Trying to unpack rootfs image as initramfs...
[    0.067737] kvm [1]: nv: 554 coarse grained trap handlers
[    0.067990] kvm [1]: IPA Size Limit: 44 bits
[    0.068580] kvm [1]: vgic interrupt IRQ9
[    0.068618] kvm [1]: Hyp nVHE mode initialized successfully
[    0.299250] Freeing initrd memory: 11696K
[    0.460323] Initialise system trusted keyrings
[    0.460589] workingset: timestamp_bits=42 max_order=20 bucket_order=0
[    0.460991] NFS: Registering the id_resolver key type
[    0.461007] Key type id_resolver registered
[    0.461012] Key type id_legacy registered
[    0.461027] nfs4filelayout_init: NFSv4 File Layout Driver Registering...
[    0.461034] nfs4flexfilelayout_init: NFSv4 Flexfile Layout Driver Registering...
[    0.461383] Key type asymmetric registered
[    0.461393] Asymmetric key parser 'x509' registered
[    0.461427] Block layer SCSI generic (bsg) driver version 0.4 loaded (major 247)
[    0.461508] io scheduler mq-deadline registered
[    0.461516] io scheduler kyber registered
[    0.461535] io scheduler bfq registered
[    0.461963] irq_brcmstb_l2: registered L2 intc (/soc/interrupt-controller@7ef00100, parent irq: 23)
[    0.463160] pinctrl-bcm2835 fe200000.gpio: GPIO_OUT persistence: yes
[    0.469586] ledtrig-cpu: registered to indicate activity on CPUs
[    0.470456] brcm-pcie fd500000.pcie: host bridge /scb/pcie@7d500000 ranges:
[    0.470490] brcm-pcie fd500000.pcie:   No bus range found for /scb/pcie@7d500000, using [bus 00-ff]
[    0.470513] brcm-pcie fd500000.pcie:      MEM 0x0600000000..0x063fffffff -> 0x00c0000000
[    0.470531] brcm-pcie fd500000.pcie:   IB MEM 0x0000000000..0x00ffffffff -> 0x0400000000
[    0.471647] brcm-pcie fd500000.pcie: PCI host bridge to bus 0000:00
[    0.471676] pci_bus 0000:00: root bus resource [bus 00-ff]
[    0.471685] pci_bus 0000:00: root bus resource [mem 0x600000000-0x63fffffff] (bus address [0xc0000000-0xffffffff])
[    0.471739] pci 0000:00:00.0: [14e4:2711] type 01 class 0x060400 PCIe Root Port
[    0.471757] pci 0000:00:00.0: PCI bridge to [bus 00]
[    0.471766] pci 0000:00:00.0:   bridge window [mem 0x80000000-0xbfffffff]
[    0.471806] pci 0000:00:00.0: PME# supported from D0 D3hot
[    0.473238] pci 0000:00:00.0: bridge configuration invalid ([bus 00-00]), reconfiguring
[    0.473358] pci_bus 0000:01: supply vpcie3v3 not found, using dummy regulator
[    0.473432] pci_bus 0000:01: supply vpcie3v3aux not found, using dummy regulator
[    0.473462] pci_bus 0000:01: supply vpcie12v not found, using dummy regulator
[    0.577191] brcm-pcie fd500000.pcie: clkreq-mode set to default
[    0.579259] brcm-pcie fd500000.pcie: link up, 5.0 GT/s PCIe x1 (SSC)
[    0.579384] pci 0000:01:00.0: [1106:3483] type 00 class 0x0c0330 PCIe Endpoint
[    0.579441] pci 0000:01:00.0: BAR 0 [mem 0x00000000-0x00000fff 64bit]
[    0.579536] pci 0000:01:00.0: ASPM: VL805 fixup applied
[    0.579621] pci 0000:01:00.0: PME# supported from D0 D3hot
[    0.585228] pci_bus 0000:01: busn_res: [bus 01-ff] end is updated to 01
[    0.585251] pci 0000:00:00.0: bridge window [mem 0x600000000-0x6000fffff]: assigned
[    0.585262] pci 0000:01:00.0: BAR 0 [mem 0x600000000-0x600000fff 64bit]: assigned
[    0.585307] pci 0000:00:00.0: PCI bridge to [bus 01]
[    0.585315] pci 0000:00:00.0:   bridge window [mem 0x600000000-0x6000fffff]
[    0.585325] pci_bus 0000:00: resource 4 [mem 0x600000000-0x63fffffff]
[    0.585332] pci_bus 0000:01: resource 1 [mem 0x600000000-0x6000fffff]
[    0.585474] pcieport 0000:00:00.0: enabling device (0000 -> 0002)
[    0.585547] pcieport 0000:00:00.0: PME: Signaling with IRQ 27
[    0.585705] pcieport 0000:00:00.0: AER: enabled with IRQ 27
[    0.590035] iproc-rng200 fe104000.rng: hwrng registered
[    0.590133] vc-mem: phys_addr:0x00000000 mem_base=0x3ec00000 mem_size:0x40000000(1024 MiB)
[    0.594145] brd: module loaded
[    0.596457] loop: module loaded
[    0.596783] Loading iSCSI transport class v2.0-870.
[    0.598546] bcmgenet fd580000.ethernet: GENET 5.0 EPHY: 0x0000
[    0.801211] unimac-mdio unimac-mdio.-19: Broadcom UniMAC MDIO bus
[    0.801747] usbcore: registered new interface driver lan78xx
[    0.801773] usbcore: registered new interface driver smsc95xx
[    0.892972] xhci_hcd 0000:01:00.0: xHCI Host Controller
[    0.892989] xhci_hcd 0000:01:00.0: new USB bus registered, assigned bus number 1
[    0.893906] xhci_hcd 0000:01:00.0: hcc params 0x002841eb hci version 0x100 quirks 0x0300240000000890
[    0.894390] xhci_hcd 0000:01:00.0: xHCI Host Controller
[    0.894401] xhci_hcd 0000:01:00.0: new USB bus registered, assigned bus number 2
[    0.894413] xhci_hcd 0000:01:00.0: Host supports USB 3.0 SuperSpeed
[    0.894531] usb usb1: New USB device found, idVendor=1d6b, idProduct=0002, bcdDevice= 6.12
[    0.894542] usb usb1: New USB device strings: Mfr=3, Product=2, SerialNumber=1
[    0.894550] usb usb1: Product: xHCI Host Controller
[    0.894556] usb usb1: Manufacturer: Linux 6.12.93+rpt-rpi-v8 xhci-hcd
[    0.894562] usb usb1: SerialNumber: 0000:01:00.0
[    0.894812] hub 1-0:1.0: USB hub found
[    0.894835] hub 1-0:1.0: 1 port detected
[    0.895046] usb usb2: New USB device found, idVendor=1d6b, idProduct=0003, bcdDevice= 6.12
[    0.895057] usb usb2: New USB device strings: Mfr=3, Product=2, SerialNumber=1
[    0.895065] usb usb2: Product: xHCI Host Controller
[    0.895071] usb usb2: Manufacturer: Linux 6.12.93+rpt-rpi-v8 xhci-hcd
[    0.895077] usb usb2: SerialNumber: 0000:01:00.0
[    0.895243] hub 2-0:1.0: USB hub found
[    0.895263] hub 2-0:1.0: 4 ports detected
[    0.895642] dwc_otg: version 3.00a 10-AUG-2012 (platform bus)
[    0.895690] dwc_otg: FIQ enabled
[    0.895693] dwc_otg: NAK holdoff enabled
[    0.895696] dwc_otg: FIQ split-transaction FSM enabled
[    0.895700] Module dwc_common_port init
[    0.896151] usbcore: registered new interface driver uas
[    0.896186] usbcore: registered new interface driver usb-storage
[    0.896391] mousedev: PS/2 mouse device common for all mice
[    0.897821] sdhci: Secure Digital Host Controller Interface driver
[    0.897839] sdhci: Copyright(c) Pierre Ossman
[    0.897927] sdhci-pltfm: SDHCI platform and OF driver helper
[    0.898078] hid: raw HID events driver (C) Jiri Kosina
[    0.898136] usbcore: registered new interface driver usbhid
[    0.898143] usbhid: USB HID core driver
[    0.902016] hw perfevents: enabled with armv8_cortex_a72 PMU driver, 7 (0,8000003f) counters available
[    0.902577] NET: Registered PF_PACKET protocol family
[    0.902625] Key type dns_resolver registered
[    0.911906] registered taskstats version 1
[    0.912064] Loading compiled-in X.509 certificates
[    0.915525] Demotion targets for Node 0: null
[    0.915547] Demotion targets for Node 1: null
[    0.915953] Key type .fscrypt registered
[    0.915963] Key type fscrypt-provisioning registered
[    0.919584] uart-pl011 fe201000.serial: there is not valid maps for state default
[    0.919816] uart-pl011 fe201000.serial: cts_event_workaround enabled
[    0.919991] fe201000.serial: ttyAMA1 at MMIO 0xfe201000 (irq = 39, base_baud = 0) is a PL011 rev3
[    0.920097] serial serial0: tty port ttyAMA1 registered
[    0.922075] bcm2835-wdt bcm2835-wdt: Broadcom BCM2835 watchdog timer
[    0.922376] bcm2835-power bcm2835-power: Broadcom BCM2835 power domains driver
[    0.922731] mmc-bcm2835 fe300000.mmcnr: mmc_debug:0 mmc_debug2:0
[    0.922745] mmc-bcm2835 fe300000.mmcnr: DMA channel allocated
[    0.945545] of_cfs_init
[    0.945639] of_cfs_init: OK
[    0.945795] clk: Disabling unused clocks
[    0.947249] PM: genpd: Disabling unused power domains
[    0.981235] mmc0: SDHCI controller on fe340000.mmc [fe340000.mmc] using ADMA
[    0.985985] Freeing unused kernel memory: 5440K
[    0.986099] Run /init as init process
[    0.986105]   with arguments:
[    0.986107]     /init
[    0.986110]   with environment:
[    0.986112]     HOME=/
[    0.986114]     TERM=linux
[    1.027519] mmc1: new high speed SDIO card at address 0001
[    1.093739] mmc0: new ultra high speed DDR50 SDXC card at address aaaa
[    1.094305] mmcblk0: mmc0:aaaa SR64G 59.5 GiB
[    1.099915]  mmcblk0: p1 p2
[    1.100315] mmcblk0: mmc0:aaaa SR64G 59.5 GiB (quirks 0x00004000)
[    1.145204] usb 1-1: new high-speed USB device number 2 using xhci_hcd
[    1.189435] brcmstb-i2c fef04500.i2c:  @97500hz registered in polling mode
[    1.189607] brcmstb-i2c fef09500.i2c:  @97500hz registered in polling mode
[    1.287799] usb 1-1: New USB device found, idVendor=2109, idProduct=3431, bcdDevice= 4.21
[    1.287827] usb 1-1: New USB device strings: Mfr=0, Product=1, SerialNumber=0
[    1.287835] usb 1-1: Product: USB2.0 Hub
[    1.289065] hub 1-1:1.0: USB hub found
[    1.289385] hub 1-1:1.0: 4 ports detected
[    1.581540] EXT4-fs (mmcblk0p2): orphan cleanup on readonly fs
[    1.581971] EXT4-fs (mmcblk0p2): mounted filesystem 742cc985-e7e0-4f2f-a149-e118c8888b6f ro with ordered data mode. Quota mode: none.
[    1.958992] systemd[1]: System time before build time, advancing clock.
[    2.047455] NET: Registered PF_INET6 protocol family
[    2.048120] Segment Routing with IPv6
[    2.048145] In-situ OAM (IOAM) with IPv6
[    2.086803] systemd[1]: systemd 252.39-1~deb12u2 running in system mode (+PAM +AUDIT +SELINUX +APPARMOR +IMA +SMACK +SECCOMP +GCRYPT -GNUTLS +OPENSSL +ACL +BLKID +CURL +ELFUTILS +FIDO2 +IDN2 -IDN +IPTC +KMOD +LIBCRYPTSETUP +LIBFDISK +PCRE2 -PWQUALITY +P11KIT +QRENCODE +TPM2 +BZIP2 +LZ4 +XZ +ZLIB +ZSTD -BPF_FRAMEWORK -XKBCOMMON +UTMP +SYSVINIT default-hierarchy=unified)
[    2.086840] systemd[1]: Detected architecture arm64.
[    2.098078] systemd[1]: Hostname set to <Sensecap>.
[    2.450927] systemd[1]: Queued start job for default target multi-user.target.
[    2.478368] systemd[1]: Created slice system-getty.slice - Slice /system/getty.
[    2.479107] systemd[1]: Created slice system-modprobe.slice - Slice /system/modprobe.
[    2.479655] systemd[1]: Created slice system-systemd\x2dfsck.slice - Slice /system/systemd-fsck.
[    2.480014] systemd[1]: Created slice user.slice - User and Session Slice.
[    2.480215] systemd[1]: Started systemd-ask-password-console.path - Dispatch Password Requests to Console Directory Watch.
[    2.480370] systemd[1]: Started systemd-ask-password-wall.path - Forward Password Requests to Wall Directory Watch.
[    2.480741] systemd[1]: Set up automount proc-sys-fs-binfmt_misc.automount - Arbitrary Executable File Formats File System Automount Point.
[    2.480862] systemd[1]: Expecting device dev-disk-by\x2dpartuuid-b8b95f99\x2d01.device - /dev/disk/by-partuuid/b8b95f99-01...
[    2.480948] systemd[1]: Reached target cryptsetup.target - Local Encrypted Volumes.
[    2.481049] systemd[1]: Reached target integritysetup.target - Local Integrity Protected Volumes.
[    2.481170] systemd[1]: Reached target paths.target - Path Units.
[    2.481415] systemd[1]: Reached target slices.target - Slice Units.
[    2.481509] systemd[1]: Reached target swap.target - Swaps.
[    2.481610] systemd[1]: Reached target veritysetup.target - Local Verity Protected Volumes.
[    2.481944] systemd[1]: Listening on systemd-fsckd.socket - fsck to fsckd communication Socket.
[    2.482127] systemd[1]: Listening on systemd-initctl.socket - initctl Compatibility Named Pipe.
[    2.482706] systemd[1]: Listening on systemd-journald-audit.socket - Journal Audit Socket.
[    2.483046] systemd[1]: Listening on systemd-journald-dev-log.socket - Journal Socket (/dev/log).
[    2.483404] systemd[1]: Listening on systemd-journald.socket - Journal Socket.
[    2.484297] systemd[1]: Listening on systemd-udevd-control.socket - udev Control Socket.
[    2.484582] systemd[1]: Listening on systemd-udevd-kernel.socket - udev Kernel Socket.
[    2.484923] systemd[1]: dev-hugepages.mount - Huge Pages File System was skipped because of an unmet condition check (ConditionPathExists=/sys/kernel/mm/hugepages).
[    2.486443] systemd[1]: Mounting dev-mqueue.mount - POSIX Message Queue File System...
[    2.488496] systemd[1]: Mounting sys-kernel-debug.mount - Kernel Debug File System...
[    2.490727] systemd[1]: Mounting sys-kernel-tracing.mount - Kernel Trace File System...
[    2.491270] systemd[1]: auth-rpcgss-module.service - Kernel Module supporting RPCSEC_GSS was skipped because of an unmet condition check (ConditionPathExists=/etc/krb5.keytab).
[    2.494609] systemd[1]: Starting fake-hwclock.service - Restore / save the current clock...
[    2.496895] systemd[1]: Starting keyboard-setup.service - Set the console keyboard layout...
[    2.499367] systemd[1]: Starting kmod-static-nodes.service - Create List of Static Device Nodes...
[    2.502090] systemd[1]: Starting modprobe@configfs.service - Load Kernel Module configfs...
[    2.506538] systemd[1]: Starting modprobe@dm_mod.service - Load Kernel Module dm_mod...
[    2.513503] systemd[1]: Starting modprobe@drm.service - Load Kernel Module drm...
[    2.515675] systemd[1]: Starting modprobe@efi_pstore.service - Load Kernel Module efi_pstore...
[    2.518548] systemd[1]: Starting modprobe@fuse.service - Load Kernel Module fuse...
[    2.521794] systemd[1]: Starting modprobe@loop.service - Load Kernel Module loop...
[    2.522387] systemd[1]: systemd-fsck-root.service - File System Check on Root Device was skipped because of an unmet condition check (ConditionPathExists=!/run/initramfs/fsck-root).
[    2.526781] systemd[1]: Starting systemd-journald.service - Journal Service...
[    2.538836] systemd[1]: Starting systemd-modules-load.service - Load Kernel Modules...
[    2.541389] systemd[1]: Starting systemd-remount-fs.service - Remount Root and Kernel File Systems...
[    2.544045] systemd[1]: Starting systemd-udev-trigger.service - Coldplug All udev Devices...
[    2.549761] systemd[1]: Mounted dev-mqueue.mount - POSIX Message Queue File System.
[    2.550312] device-mapper: ioctl: 4.48.0-ioctl (2023-03-01) initialised: dm-devel@lists.linux.dev
[    2.550374] systemd[1]: Mounted sys-kernel-debug.mount - Kernel Debug File System.
[    2.552520] systemd[1]: Mounted sys-kernel-tracing.mount - Kernel Trace File System.
[    2.553449] systemd[1]: Finished kmod-static-nodes.service - Create List of Static Device Nodes.
[    2.562356] systemd[1]: modprobe@configfs.service: Deactivated successfully.
[    2.562808] systemd[1]: Finished modprobe@configfs.service - Load Kernel Module configfs.
[    2.564533] systemd[1]: modprobe@dm_mod.service: Deactivated successfully.
[    2.565067] systemd[1]: Finished modprobe@dm_mod.service - Load Kernel Module dm_mod.
[    2.566242] systemd[1]: modprobe@efi_pstore.service: Deactivated successfully.
[    2.566679] systemd[1]: Finished modprobe@efi_pstore.service - Load Kernel Module efi_pstore.
[    2.568107] systemd[1]: modprobe@loop.service: Deactivated successfully.
[    2.568509] systemd[1]: Finished modprobe@loop.service - Load Kernel Module loop.
[    2.568720] fuse: init (API version 7.41)
[    2.574460] systemd[1]: Mounting sys-kernel-config.mount - Kernel Configuration File System...
[    2.576676] systemd[1]: systemd-repart.service - Repartition Root Disk was skipped because no trigger condition checks were met.
[    2.580706] systemd[1]: Finished fake-hwclock.service - Restore / save the current clock.
[    2.583177] systemd[1]: modprobe@fuse.service: Deactivated successfully.
[    2.583520] systemd[1]: Finished modprobe@fuse.service - Load Kernel Module fuse.
[    2.584447] systemd[1]: Finished systemd-modules-load.service - Load Kernel Modules.
[    2.587099] systemd[1]: Mounting sys-fs-fuse-connections.mount - FUSE Control File System...
[    2.590041] systemd[1]: Starting systemd-sysctl.service - Apply Kernel Variables...
[    2.593411] systemd[1]: Mounted sys-kernel-config.mount - Kernel Configuration File System.
[    2.593917] systemd[1]: Mounted sys-fs-fuse-connections.mount - FUSE Control File System.
[    2.607139] EXT4-fs (mmcblk0p2): re-mounted 742cc985-e7e0-4f2f-a149-e118c8888b6f r/w.
[    2.607749] systemd[1]: modprobe@drm.service: Deactivated successfully.
[    2.608193] systemd[1]: Finished modprobe@drm.service - Load Kernel Module drm.
[    2.612591] systemd[1]: Finished systemd-remount-fs.service - Remount Root and Kernel File Systems.
[    2.613094] systemd[1]: systemd-firstboot.service - First Boot Wizard was skipped because of an unmet condition check (ConditionFirstBoot=yes).
[    2.613328] systemd[1]: systemd-pstore.service - Platform Persistent Storage Archival was skipped because of an unmet condition check (ConditionDirectoryNotEmpty=/sys/fs/pstore).
[    2.615471] systemd[1]: Starting systemd-random-seed.service - Load/Save Random Seed...
[    2.618928] systemd[1]: Starting systemd-sysusers.service - Create System Users...
[    2.637827] systemd[1]: Finished systemd-sysctl.service - Apply Kernel Variables.
[    2.652812] systemd[1]: Started systemd-journald.service - Journal Service.
[    2.702414] systemd-journald[251]: Received client request to flush runtime journal.
[    3.160160] rpi-gpiomem fe200000.gpiomem: window base 0xfe200000 size 0x00001000
[    3.162492] rpi-gpiomem fe200000.gpiomem: initialised 1 regions as /dev/gpiomem
[    3.205788] mc: Linux media interface: v0.10
[    3.240246] snd_bcm2835: module is from the staging directory, the quality is unknown, you have been warned.
[    3.248927] bcm2835-audio bcm2835-audio: card created with 8 channels
[    3.407656] v3d fec00000.v3d: [drm] Transparent Hugepage support is recommended for optimal performance on this platform!
[    3.465627] [drm] Initialized v3d 1.0.0 for fec00000.v3d on minor 0
[    3.483611] cfg80211: Loading compiled-in X.509 certificates for regulatory database
[    3.504032] Loaded X.509 cert 'benh@debian.org: 577e021cb980e0e820821ba7b54b4961b8b4fadf'
[    3.504366] Loaded X.509 cert 'romain.perier@gmail.com: 3abbc6ec146e09d1b6016ab9d6cf71dd233f0328'
[    3.504681] Loaded X.509 cert 'sforshee: 00b28ddf47aef9cea7'
[    3.504983] Loaded X.509 cert 'wens: 61c038651aabdcf94bd0ac7ff06c7248db18c600'
[    3.506701] videodev: Linux video capture interface: v2.00
[    3.512230] Bluetooth: Core ver 2.22
[    3.512294] NET: Registered PF_BLUETOOTH protocol family
[    3.512297] Bluetooth: HCI device and connection manager initialized
[    3.512310] Bluetooth: HCI socket layer initialized
[    3.512317] Bluetooth: L2CAP socket layer initialized
[    3.512325] Bluetooth: SCO socket layer initialized
[    3.596652] vc_sm_cma: module is from the staging directory, the quality is unknown, you have been warned.
[    3.599545] Bluetooth: HCI UART driver ver 2.3
[    3.599567] Bluetooth: HCI UART protocol H4 registered
[    3.599652] Bluetooth: HCI UART protocol Three-wire (H5) registered
[    3.601324] hci_uart_bcm serial0-0: supply vbat not found, using dummy regulator
[    3.601469] hci_uart_bcm serial0-0: supply vddio not found, using dummy regulator
[    3.601545] Bluetooth: HCI UART protocol Broadcom registered
[    3.610606] bcm2835_vc_sm_cma_probe: Videocore shared memory driver
[    3.610633] [vc_sm_connected_init]: start
[    3.612883] [vc_sm_connected_init]: installed successfully
[    3.637082] vc4-drm gpu: bound fe400000.hvs (ops vc4_hvs_ops [vc4])
[    3.638312] Registered IR keymap rc-cec
[    3.638408] rc rc0: vc4-hdmi-0 as /devices/platform/soc/fef00700.hdmi/rc/rc0
[    3.638495] input: vc4-hdmi-0 as /devices/platform/soc/fef00700.hdmi/rc/rc0/input0
[    3.665962] input: vc4-hdmi-0 HDMI Jack as /devices/platform/soc/fef00700.hdmi/sound/card1/input1
[    3.666201] vc4-drm gpu: bound fef00700.hdmi (ops vc4_hdmi_ops [vc4])
[    3.671976] Registered IR keymap rc-cec
[    3.672091] rc rc1: vc4-hdmi-1 as /devices/platform/soc/fef05700.hdmi/rc/rc1
[    3.672198] input: vc4-hdmi-1 as /devices/platform/soc/fef05700.hdmi/rc/rc1/input2
[    3.683239] input: vc4-hdmi-1 HDMI Jack as /devices/platform/soc/fef05700.hdmi/sound/card2/input3
[    3.683550] vc4-drm gpu: bound fef05700.hdmi (ops vc4_hdmi_ops [vc4])
[    3.683840] vc4-drm gpu: bound fe004000.txp (ops vc4_txp_ops [vc4])
[    3.684006] vc4-drm gpu: bound fe206000.pixelvalve (ops vc4_crtc_ops [vc4])
[    3.685591] vc4-drm gpu: bound fe207000.pixelvalve (ops vc4_crtc_ops [vc4])
[    3.685817] vc4-drm gpu: bound fe20a000.pixelvalve (ops vc4_crtc_ops [vc4])
[    3.685904] vc4-drm gpu: bound fe216000.pixelvalve (ops vc4_crtc_ops [vc4])
[    3.686059] vc4-drm gpu: bound fec12000.pixelvalve (ops vc4_crtc_ops [vc4])
[    3.691429] [drm] Initialized vc4 0.0.0 for gpu on minor 1
[    3.691991] vc4-drm gpu: [drm] Cannot find any crtc or sizes
[    3.692347] brcmfmac: F1 signature read @0x18000000=0x15264345
[    3.696421] vc4-drm gpu: [drm] Cannot find any crtc or sizes
[    3.696665] vc4-drm gpu: [drm] Cannot find any crtc or sizes
[    3.696989] brcmfmac: brcmf_fw_alloc_request: using brcm/brcmfmac43455-sdio for chip BCM4345/6
[    3.698722] usbcore: registered new interface driver brcmfmac
[    3.844505] bcm2835_mmal_vchiq: module is from the staging directory, the quality is unknown, you have been warned.
[    3.865052] bcm2835_isp: module is from the staging directory, the quality is unknown, you have been warned.
[    3.869607] bcm2835_codec: module is from the staging directory, the quality is unknown, you have been warned.
[    3.869647] bcm2835_v4l2: module is from the staging directory, the quality is unknown, you have been warned.
[    3.873110] rpi-hevc-dec feb00000.codec: Device registered as /dev/video19
[    3.876246] bcm2835-isp bcm2835-isp: Device node output[0] registered as /dev/video13
[    3.876669] bcm2835-isp bcm2835-isp: Device node capture[0] registered as /dev/video14
[    3.877902] bcm2835-codec bcm2835-codec: Device registered as /dev/video10
[    3.877930] bcm2835-codec bcm2835-codec: Loaded V4L2 decode
[    3.878233] bcm2835-isp bcm2835-isp: Device node capture[1] registered as /dev/video15
[    3.878560] bcm2835-isp bcm2835-isp: Device node stats[2] registered as /dev/video16
[    3.878576] bcm2835-isp bcm2835-isp: Register output node 0 with media controller
[    3.878583] bcm2835-isp bcm2835-isp: Register capture node 1 with media controller
[    3.878587] bcm2835-isp bcm2835-isp: Register capture node 2 with media controller
[    3.878591] bcm2835-isp bcm2835-isp: Register capture node 3 with media controller
[    3.888329] bcm2835-codec bcm2835-codec: Device registered as /dev/video11
[    3.888359] bcm2835-codec bcm2835-codec: Loaded V4L2 encode
[    3.888744] bcm2835-isp bcm2835-isp: Device node output[0] registered as /dev/video20
[    3.889970] bcm2835-isp bcm2835-isp: Device node capture[0] registered as /dev/video21
[    3.890191] bcm2835-isp bcm2835-isp: Device node capture[1] registered as /dev/video22
[    3.891397] bcm2835-isp bcm2835-isp: Device node stats[2] registered as /dev/video23
[    3.891423] bcm2835-isp bcm2835-isp: Register output node 0 with media controller
[    3.891430] bcm2835-isp bcm2835-isp: Register capture node 1 with media controller
[    3.891434] bcm2835-isp bcm2835-isp: Register capture node 2 with media controller
[    3.891438] bcm2835-isp bcm2835-isp: Register capture node 3 with media controller
[    3.891690] bcm2835-isp bcm2835-isp: Loaded V4L2 bcm2835-isp
[    3.893454] bcm2835-codec bcm2835-codec: Device registered as /dev/video12
[    3.893482] bcm2835-codec bcm2835-codec: Loaded V4L2 isp
[    3.906892] bcm2835-codec bcm2835-codec: Device registered as /dev/video18
[    3.906933] bcm2835-codec bcm2835-codec: Loaded V4L2 image_fx
[    3.912426] bcm2835-codec bcm2835-codec: Device registered as /dev/video31
[    3.912454] bcm2835-codec bcm2835-codec: Loaded V4L2 encode_image
[    3.962103] Bluetooth: hci0: BCM: chip id 107
[    3.962426] Bluetooth: hci0: BCM: features 0x2f
[    3.963518] Bluetooth: hci0: BCM4345C0
[    3.963537] Bluetooth: hci0: BCM4345C0 (003.001.025) build 0000
[    3.966605] Bluetooth: hci0: BCM4345C0 'brcm/BCM4345C0.raspberrypi,4-model-b.hcd' Patch
[    3.971487] brcmfmac: brcmf_c_process_txcap_blob: no txcap_blob available (err=-2)
[    3.972251] brcmfmac: brcmf_c_preinit_dcmds: Firmware: BCM4345/6 wl0: Aug 29 2023 01:47:08 version 7.45.265 (28bca26 CY) FWID 01-b677b91b
[    3.987854] dot11ah: loading out-of-tree module taints kernel.
[    3.990453] Morse Micro Dot11ah driver registration. Version 0-rel_mm6108_2_0_1_2026_Jun_11
[    3.990468] channelization_scheme = 3 (IEEE802.11-REVmf)
[    4.450725] Adding 524284k swap on /var/swap.  Priority:-2 extents:4 across:1327100k SS
[    4.634411] Bluetooth: BNEP (Ethernet Emulation) ver 1.3
[    4.634427] Bluetooth: BNEP filters: protocol multicast
[    4.634438] Bluetooth: BNEP socket layer initialized
[    4.685548] Bluetooth: hci0: BCM: features 0x2f
[    4.686862] Bluetooth: hci0: BCM43455 37.4MHz Raspberry Pi 3+-0190
[    4.686875] Bluetooth: hci0: BCM4345C0 (003.001.025) build 0382
[    4.712259] Bluetooth: MGMT ver 1.23
[    4.730952] NET: Registered PF_ALG protocol family
[    4.797950] morse micro driver registration. Version 0-rel_mm6108_2_0_1_2026_Jun_11
[    4.798169] morse_spi spi0.0: morse_of_probe: Reading gpio pins configuration from device tree
[    4.798211] Resetting Morse Chip
[    4.818516] Done
[    4.899586] morse rx: 00000000: c0 3f ff ff ff ff ff ff ff ff ff ff
[    4.899622] morse rx: 00000000: c0 7f ff ff ff ff ff ff ff ff ff ff
[    4.899646] morse rx: 00000000: c0 7f ff ff ff ff ff ff ff ff ff ff
[    4.899669] morse rx: 00000000: c0 7f ff ff ff ff ff ff ff ff ff ff
[    4.899692] morse rx: 00000000: c0 7f ff ff ff ff ff ff ff ff ff ff
[    4.899715] morse rx: 00000000: c0 7f ff ff ff ff ff ff ff ff ff ff
[    4.899720] morse_spi spi0.0: morse_spi_probe: failed to init SPI with CMD63 (ret:-71)
[    4.899758] morse_spi_probe: probe failed (ret:-71)
[    4.899762] morse_spi spi0.0: probe with driver morse_spi failed with error -71
[    5.509443] bcmgenet fd580000.ethernet: configuring instance for external RGMII (RX delay)
[    5.513412] bcmgenet fd580000.ethernet eth0: Link is Down
[    5.535798] brcmfmac: brcmf_cfg80211_set_power_mgmt: power save enabled
[    9.597502] bcmgenet fd580000.ethernet eth0: Link is Up - 1Gbps/Full - flow control rx/tx
