[    0.000000] Booting Linux on physical CPU 0x0000000000 [0x410fd083]
[    0.000000] Linux version 6.6.51+rpt-rpi-v8 (serge@raspberrypi.com) (gcc-12 (Debian 12.2.0-14) 12.2.0, GNU ld (GNU Binutils for Debian) 2.40) #1 SMP PREEMPT Debian 1:6.6.51-1+rpt3 (2024-10-08)
[    0.000000] KASLR enabled
[    0.000000] random: crng init done
[    0.000000] Machine model: Raspberry Pi 4 Model B Rev 1.4
[    0.000000] efi: UEFI not found.
[    0.000000] Reserved memory: created CMA memory pool at 0x000000000e400000, size 512 MiB
[    0.000000] OF: reserved mem: initialized node linux,cma, compatible id shared-dma-pool
[    0.000000] OF: reserved mem: 0x000000000e400000..0x000000002e3fffff (524288 KiB) map reusable linux,cma
[    0.000000] OF: reserved mem: 0x000000003ef65000..0x000000003ef651ff (0 KiB) nomap non-reusable nvram@1
[    0.000000] OF: reserved mem: 0x000000003ef65240..0x000000003ef65275 (0 KiB) nomap non-reusable nvram@0
[    0.000000] Zone ranges:
[    0.000000]   DMA      [mem 0x0000000000000000-0x000000003fffffff]
[    0.000000]   DMA32    [mem 0x0000000040000000-0x00000000fbffffff]
[    0.000000]   Normal   empty
[    0.000000] Movable zone start for each node
[    0.000000] Early memory node ranges
[    0.000000]   node   0: [mem 0x0000000000000000-0x000000003b3fffff]
[    0.000000]   node   0: [mem 0x0000000040000000-0x00000000fbffffff]
[    0.000000] Initmem setup node 0 [mem 0x0000000000000000-0x00000000fbffffff]
[    0.000000] On node 0, zone DMA32: 19456 pages in unavailable ranges
[    0.000000] On node 0, zone DMA32: 16384 pages in unavailable ranges
[    0.000000] percpu: Embedded 30 pages/cpu s85672 r8192 d29016 u122880
[    0.000000] pcpu-alloc: s85672 r8192 d29016 u122880 alloc=30*4096
[    0.000000] pcpu-alloc: [0] 0 [0] 1 [0] 2 [0] 3 
[    0.000000] Detected PIPT I-cache on CPU0
[    0.000000] CPU features: detected: Spectre-v2
[    0.000000] CPU features: detected: Spectre-v3a
[    0.000000] CPU features: detected: Spectre-v4
[    0.000000] CPU features: detected: Spectre-BHB
[    0.000000] CPU features: kernel page table isolation forced ON by KASLR
[    0.000000] CPU features: detected: Kernel page table isolation (KPTI)
[    0.000000] CPU features: detected: ARM erratum 1742098
[    0.000000] CPU features: detected: ARM errata 1165522, 1319367, or 1530923
[    0.000000] alternatives: applying boot alternatives
[    0.000000] Kernel command line: coherent_pool=1M 8250.nr_uarts=0 snd_bcm2835.enable_headphones=0 snd_bcm2835.enable_headphones=1 snd_bcm2835.enable_hdmi=1 snd_bcm2835.enable_hdmi=0  smsc95xx.macaddr=E4:5F:01:52:57:E7 vc_mem.mem_base=0x3ec00000 vc_mem.mem_size=0x40000000  console=ttyS0,115200 console=tty1 root=PARTUUID=d698d7c7-02 rootfstype=ext4 fsck.repair=yes rootwait
[    0.000000] Dentry cache hash table entries: 524288 (order: 10, 4194304 bytes, linear)
[    0.000000] Inode-cache hash table entries: 262144 (order: 9, 2097152 bytes, linear)
[    0.000000] Built 1 zonelists, mobility grouping on.  Total pages: 996912
[    0.000000] mem auto-init: stack:all(zero), heap alloc:off, heap free:off
[    0.000000] software IO TLB: area num 4.
[    0.000000] software IO TLB: mapped [mem 0x0000000037400000-0x000000003b400000] (64MB)
[    0.000000] Memory: 3342308K/4050944K available (13440K kernel code, 2212K rwdata, 4268K rodata, 4864K init, 1083K bss, 184348K reserved, 524288K cma-reserved)
[    0.000000] SLUB: HWalign=64, Order=0-3, MinObjects=0, CPUs=4, Nodes=1
[    0.000000] ftrace: allocating 43242 entries in 169 pages
[    0.000000] ftrace: allocated 169 pages with 4 groups
[    0.000000] trace event string verifier disabled
[    0.000000] rcu: Preemptible hierarchical RCU implementation.
[    0.000000] rcu: 	RCU event tracing is enabled.
[    0.000000] rcu: 	RCU restricting CPUs from NR_CPUS=256 to nr_cpu_ids=4.
[    0.000000] 	Trampoline variant of Tasks RCU enabled.
[    0.000000] 	Rude variant of Tasks RCU enabled.
[    0.000000] 	Tracing variant of Tasks RCU enabled.
[    0.000000] rcu: RCU calculated value of scheduler-enlistment delay is 25 jiffies.
[    0.000000] rcu: Adjusting geometry for rcu_fanout_leaf=16, nr_cpu_ids=4
[    0.000000] NR_IRQS: 64, nr_irqs: 64, preallocated irqs: 0
[    0.000000] Root IRQ handler: gic_handle_irq
[    0.000000] GIC: Using split EOI/Deactivate mode
[    0.000000] rcu: srcu_init: Setting srcu_struct sizes based on contention.
[    0.000000] arch_timer: cp15 timer(s) running at 54.00MHz (phys).
[    0.000000] clocksource: arch_sys_counter: mask: 0xffffffffffffff max_cycles: 0xc743ce346, max_idle_ns: 440795203123 ns
[    0.000001] sched_clock: 56 bits at 54MHz, resolution 18ns, wraps every 4398046511102ns
[    0.000330] Console: colour dummy device 80x25
[    0.000346] printk: console [tty1] enabled
[    0.000971] Calibrating delay loop (skipped), value calculated using timer frequency.. 108.00 BogoMIPS (lpj=216000)
[    0.001003] pid_max: default: 32768 minimum: 301
[    0.001085] LSM: initializing lsm=capability,integrity
[    0.001306] Mount-cache hash table entries: 8192 (order: 4, 65536 bytes, linear)
[    0.001381] Mountpoint-cache hash table entries: 8192 (order: 4, 65536 bytes, linear)
[    0.002276] cgroup: Disabling memory control group subsystem
[    0.003908] RCU Tasks: Setting shift to 2 and lim to 1 rcu_task_cb_adjust=1.
[    0.004031] RCU Tasks Rude: Setting shift to 2 and lim to 1 rcu_task_cb_adjust=1.
[    0.004163] RCU Tasks Trace: Setting shift to 2 and lim to 1 rcu_task_cb_adjust=1.
[    0.004440] rcu: Hierarchical SRCU implementation.
[    0.004460] rcu: 	Max phase no-delay instances is 1000.
[    0.006342] EFI services will not be available.
[    0.006658] smp: Bringing up secondary CPUs ...
[    0.007274] Detected PIPT I-cache on CPU1
[    0.007400] CPU1: Booted secondary processor 0x0000000001 [0x410fd083]
[    0.008121] Detected PIPT I-cache on CPU2
[    0.008213] CPU2: Booted secondary processor 0x0000000002 [0x410fd083]
[    0.008862] Detected PIPT I-cache on CPU3
[    0.008955] CPU3: Booted secondary processor 0x0000000003 [0x410fd083]
[    0.009040] smp: Brought up 1 node, 4 CPUs
[    0.009117] SMP: Total of 4 processors activated.
[    0.009133] CPU features: detected: 32-bit EL0 Support
[    0.009146] CPU features: detected: 32-bit EL1 Support
[    0.009163] CPU features: detected: CRC32 instructions
[    0.009284] CPU: All CPU(s) started at EL2
[    0.009310] alternatives: applying system-wide alternatives
[    0.011669] devtmpfs: initialized
[    0.021560] Enabled cp15_barrier support
[    0.021614] Enabled setend support
[    0.021789] clocksource: jiffies: mask: 0xffffffff max_cycles: 0xffffffff, max_idle_ns: 7645041785100000 ns
[    0.021828] futex hash table entries: 1024 (order: 4, 65536 bytes, linear)
[    0.034005] pinctrl core: initialized pinctrl subsystem
[    0.034557] DMI not present or invalid.
[    0.035057] NET: Registered PF_NETLINK/PF_ROUTE protocol family
[    0.036934] DMA: preallocated 1024 KiB GFP_KERNEL pool for atomic allocations
[    0.037245] DMA: preallocated 1024 KiB GFP_KERNEL|GFP_DMA pool for atomic allocations
[    0.037700] DMA: preallocated 1024 KiB GFP_KERNEL|GFP_DMA32 pool for atomic allocations
[    0.037783] audit: initializing netlink subsys (disabled)
[    0.037966] audit: type=2000 audit(0.036:1): state=initialized audit_enabled=0 res=1
[    0.038481] thermal_sys: Registered thermal governor 'step_wise'
[    0.038531] cpuidle: using governor menu
[    0.038750] hw-breakpoint: found 6 breakpoint and 4 watchpoint registers.
[    0.038878] ASID allocator initialised with 32768 entries
[    0.039831] Serial: AMBA PL011 UART driver
[    0.047042] bcm2835-mbox fe00b880.mailbox: mailbox enabled
[    0.060154] raspberrypi-firmware soc:firmware: Attached to firmware from 2024-08-30T19:17:39, variant start
[    0.064155] raspberrypi-firmware soc:firmware: Firmware hash is 2808975b80149bbfe86844655fe45c7de66fc078
[    0.074768] Modules: 2G module region forced by RANDOMIZE_MODULE_REGION_FULL
[    0.074799] Modules: 0 pages in range for non-PLT usage
[    0.074805] Modules: 517776 pages in range for PLT usage
[    0.078762] bcm2835-dma fe007000.dma-controller: DMA legacy API manager, dmachans=0x1
[    0.080551] iommu: Default domain type: Translated
[    0.080573] iommu: DMA domain TLB invalidation policy: strict mode
[    0.080945] SCSI subsystem initialized
[    0.082444] usbcore: registered new interface driver usbfs
[    0.082497] usbcore: registered new interface driver hub
[    0.082554] usbcore: registered new device driver usb
[    0.082946] pps_core: LinuxPPS API ver. 1 registered
[    0.082964] pps_core: Software ver. 5.3.6 - Copyright 2005-2007 Rodolfo Giometti <giometti@linux.it>
[    0.082995] PTP clock support registered
[    0.084066] vgaarb: loaded
[    0.084515] clocksource: Switched to clocksource arch_sys_counter
[    1.133008] VFS: Disk quotas dquot_6.6.0
[    1.133086] VFS: Dquot-cache hash table entries: 512 (order 0, 4096 bytes)
[    1.133211] FS-Cache: Loaded
[    1.134198] CacheFiles: Loaded
[    1.142512] NET: Registered PF_INET protocol family
[    1.143028] IP idents hash table entries: 65536 (order: 7, 524288 bytes, linear)
[    1.147723] tcp_listen_portaddr_hash hash table entries: 2048 (order: 3, 32768 bytes, linear)
[    1.147793] Table-perturb hash table entries: 65536 (order: 6, 262144 bytes, linear)
[    1.147832] TCP established hash table entries: 32768 (order: 6, 262144 bytes, linear)
[    1.148056] TCP bind hash table entries: 32768 (order: 8, 1048576 bytes, linear)
[    1.149089] TCP: Hash tables configured (established 32768 bind 32768)
[    1.149536] MPTCP token hash table entries: 4096 (order: 4, 98304 bytes, linear)
[    1.149749] UDP hash table entries: 2048 (order: 4, 65536 bytes, linear)
[    1.149824] UDP-Lite hash table entries: 2048 (order: 4, 65536 bytes, linear)
[    1.150066] NET: Registered PF_UNIX/PF_LOCAL protocol family
[    1.150695] RPC: Registered named UNIX socket transport module.
[    1.150721] RPC: Registered udp transport module.
[    1.150735] RPC: Registered tcp transport module.
[    1.150749] RPC: Registered tcp-with-tls transport module.
[    1.150764] RPC: Registered tcp NFSv4.1 backchannel transport module.
[    1.150805] PCI: CLS 0 bytes, default 64
[    1.151214] Trying to unpack rootfs image as initramfs...
[    1.156703] kvm [1]: IPA Size Limit: 44 bits
[    1.157990] kvm [1]: vgic interrupt IRQ9
[    1.158058] kvm [1]: Hyp mode initialized successfully
[    1.159720] Initialise system trusted keyrings
[    1.160072] workingset: timestamp_bits=46 max_order=20 bucket_order=0
[    1.160154] zbud: loaded
[    1.160966] NFS: Registering the id_resolver key type
[    1.161012] Key type id_resolver registered
[    1.161027] Key type id_legacy registered
[    1.161061] nfs4filelayout_init: NFSv4 File Layout Driver Registering...
[    1.161081] nfs4flexfilelayout_init: NFSv4 Flexfile Layout Driver Registering...
[    1.161829] Key type asymmetric registered
[    1.161864] Asymmetric key parser 'x509' registered
[    1.161930] Block layer SCSI generic (bsg) driver version 0.4 loaded (major 247)
[    1.162183] io scheduler mq-deadline registered
[    1.162205] io scheduler kyber registered
[    1.162256] io scheduler bfq registered
[    1.163264] irq_brcmstb_l2: registered L2 intc (/soc/interrupt-controller@7ef00100, parent irq: 23)
[    1.166766] pinctrl-bcm2835 fe200000.gpio: GPIO_OUT persistence: yes
[    1.169468] brcm-pcie fd500000.pcie: host bridge /scb/pcie@7d500000 ranges:
[    1.169529] brcm-pcie fd500000.pcie:   No bus range found for /scb/pcie@7d500000, using [bus 00-ff]
[    1.169588] brcm-pcie fd500000.pcie:      MEM 0x0600000000..0x067fffffff -> 0x0080000000
[    1.169640] brcm-pcie fd500000.pcie:   IB MEM 0x0000000000..0x00ffffffff -> 0x0400000000
[    1.170830] brcm-pcie fd500000.pcie: PCI host bridge to bus 0000:00
[    1.170876] pci_bus 0000:00: root bus resource [bus 00-ff]
[    1.170901] pci_bus 0000:00: root bus resource [mem 0x600000000-0x67fffffff] (bus address [0x80000000-0xffffffff])
[    1.170965] pci 0000:00:00.0: [14e4:2711] type 01 class 0x060400
[    1.171069] pci 0000:00:00.0: PME# supported from D0 D3hot
[    1.174828] pci 0000:00:00.0: bridge configuration invalid ([bus 00-00]), reconfiguring
[    1.175072] pci_bus 0000:01: supply vpcie3v3 not found, using dummy regulator
[    1.175237] pci_bus 0000:01: supply vpcie3v3aux not found, using dummy regulator
[    1.175306] pci_bus 0000:01: supply vpcie12v not found, using dummy regulator
[    1.282673] brcm-pcie fd500000.pcie: link up, 5.0 GT/s PCIe x1 (SSC)
[    1.282881] pci 0000:01:00.0: [1106:3483] type 00 class 0x0c0330
[    1.282988] pci 0000:01:00.0: reg 0x10: [mem 0x00000000-0x00000fff 64bit]
[    1.283356] pci 0000:01:00.0: PME# supported from D0 D3hot
[    1.292695] pci_bus 0000:01: busn_res: [bus 01-ff] end is updated to 01
[    1.292784] pci 0000:00:00.0: BAR 8: assigned [mem 0x600000000-0x6000fffff]
[    1.292815] pci 0000:01:00.0: BAR 0: assigned [mem 0x600000000-0x600000fff 64bit]
[    1.292888] pci 0000:00:00.0: PCI bridge to [bus 01]
[    1.292908] pci 0000:00:00.0:   bridge window [mem 0x600000000-0x6000fffff]
[    1.293257] pcieport 0000:00:00.0: enabling device (0000 -> 0002)
[    1.293438] pcieport 0000:00:00.0: PME: Signaling with IRQ 27
[    1.293846] pcieport 0000:00:00.0: AER: enabled with IRQ 27
[    1.294332] brcm-pcie fd500000.pcie: clkreq control enabled
[    1.304552] iproc-rng200 fe104000.rng: hwrng registered
[    1.304885] vc-mem: phys_addr:0x00000000 mem_base=0x3ec00000 mem_size:0x40000000(1024 MiB)
[    1.317323] brd: module loaded
[    1.324408] loop: module loaded
[    1.325176] Loading iSCSI transport class v2.0-870.
[    1.329754] bcmgenet fd580000.ethernet: GENET 5.0 EPHY: 0x0000
[    1.719278] Freeing initrd memory: 11532K
[    1.884596] unimac-mdio unimac-mdio.-19: Broadcom UniMAC MDIO bus
[    1.885698] usbcore: registered new device driver r8152-cfgselector
[    1.885752] usbcore: registered new interface driver r8152
[    1.885795] usbcore: registered new interface driver lan78xx
[    1.885837] usbcore: registered new interface driver smsc95xx
[    1.933430] xhci_hcd 0000:01:00.0: xHCI Host Controller
[    1.933473] xhci_hcd 0000:01:00.0: new USB bus registered, assigned bus number 1
[    1.935270] xhci_hcd 0000:01:00.0: hcc params 0x002841eb hci version 0x100 quirks 0x0300240000000890
[    1.936064] xhci_hcd 0000:01:00.0: xHCI Host Controller
[    1.936094] xhci_hcd 0000:01:00.0: new USB bus registered, assigned bus number 2
[    1.936126] xhci_hcd 0000:01:00.0: Host supports USB 3.0 SuperSpeed
[    1.936404] usb usb1: New USB device found, idVendor=1d6b, idProduct=0002, bcdDevice= 6.06
[    1.936436] usb usb1: New USB device strings: Mfr=3, Product=2, SerialNumber=1
[    1.936459] usb usb1: Product: xHCI Host Controller
[    1.936476] usb usb1: Manufacturer: Linux 6.6.51+rpt-rpi-v8 xhci-hcd
[    1.936494] usb usb1: SerialNumber: 0000:01:00.0
[    1.937110] hub 1-0:1.0: USB hub found
[    1.937168] hub 1-0:1.0: 1 port detected
[    1.937764] usb usb2: New USB device found, idVendor=1d6b, idProduct=0003, bcdDevice= 6.06
[    1.937797] usb usb2: New USB device strings: Mfr=3, Product=2, SerialNumber=1
[    1.937819] usb usb2: Product: xHCI Host Controller
[    1.937837] usb usb2: Manufacturer: Linux 6.6.51+rpt-rpi-v8 xhci-hcd
[    1.937855] usb usb2: SerialNumber: 0000:01:00.0
[    1.938322] hub 2-0:1.0: USB hub found
[    1.938379] hub 2-0:1.0: 4 ports detected
[    1.939311] dwc_otg: version 3.00a 10-AUG-2012 (platform bus)
[    1.939440] dwc_otg: FIQ enabled
[    1.939447] dwc_otg: NAK holdoff enabled
[    1.939453] dwc_otg: FIQ split-transaction FSM enabled
[    1.939463] Module dwc_common_port init
[    1.940166] usbcore: registered new interface driver uas
[    1.940243] usbcore: registered new interface driver usb-storage
[    1.940794] mousedev: PS/2 mouse device common for all mice
[    1.944234] sdhci: Secure Digital Host Controller Interface driver
[    1.944266] sdhci: Copyright(c) Pierre Ossman
[    1.944499] sdhci-pltfm: SDHCI platform and OF driver helper
[    1.947241] ledtrig-cpu: registered to indicate activity on CPUs
[    1.947588] hid: raw HID events driver (C) Jiri Kosina
[    1.947728] usbcore: registered new interface driver usbhid
[    1.947748] usbhid: USB HID core driver
[    1.953141] hw perfevents: enabled with armv8_cortex_a72 PMU driver, 7 counters available
[    1.954542] NET: Registered PF_PACKET protocol family
[    1.954647] Key type dns_resolver registered
[    1.980484] registered taskstats version 1
[    1.980836] Loading compiled-in X.509 certificates
[    1.991233] Key type .fscrypt registered
[    1.991274] Key type fscrypt-provisioning registered
[    1.999470] uart-pl011 fe201000.serial: there is not valid maps for state default
[    1.999907] uart-pl011 fe201000.serial: cts_event_workaround enabled
[    2.000286] fe201000.serial: ttyAMA1 at MMIO 0xfe201000 (irq = 36, base_baud = 0) is a PL011 rev2
[    2.000571] serial serial0: tty port ttyAMA1 registered
[    2.003073] bcm2835-wdt bcm2835-wdt: Broadcom BCM2835 watchdog timer
[    2.003355] bcm2835-power bcm2835-power: Broadcom BCM2835 power domains driver
[    2.004116] mmc-bcm2835 fe300000.mmcnr: mmc_debug:0 mmc_debug2:0
[    2.004355] mmc-bcm2835 fe300000.mmcnr: DMA channel allocated
[    2.031913] of_cfs_init
[    2.032035] of_cfs_init: OK
[    2.032243] clk: Disabling unused clocks
[    2.068652] mmc0: SDHCI controller on fe340000.mmc [fe340000.mmc] using ADMA
[    2.077457] Freeing unused kernel memory: 4864K
[    2.077674] Run /init as init process
[    2.077690]   with arguments:
[    2.077695]     /init
[    2.077701]   with environment:
[    2.077705]     HOME=/
[    2.077711]     TERM=linux
[    2.114254] mmc1: new high speed SDIO card at address 0001
[    2.170715] mmc0: new ultra high speed DDR50 SDXC card at address aaaa
[    2.173175] mmcblk0: mmc0:aaaa SR64G 59.5 GiB
[    2.175582]  mmcblk0: p1 p2
[    2.176120] mmcblk0: mmc0:aaaa SR64G 59.5 GiB (quirks 0x00004000)
[    2.192592] usb 1-1: new high-speed USB device number 2 using xhci_hcd
[    2.347266] usb 1-1: New USB device found, idVendor=2109, idProduct=3431, bcdDevice= 4.21
[    2.347326] usb 1-1: New USB device strings: Mfr=0, Product=1, SerialNumber=0
[    2.347350] usb 1-1: Product: USB2.0 Hub
[    2.350197] hub 1-1:1.0: USB hub found
[    2.350448] hub 1-1:1.0: 4 ports detected
[    2.613616] brcmstb-i2c fef04500.i2c:  @97500hz registered in polling mode
[    2.614050] brcmstb-i2c fef09500.i2c:  @97500hz registered in polling mode
[    3.314679] EXT4-fs (mmcblk0p2): mounted filesystem ce208fd3-38a8-424a-87a2-cd44114eb820 ro with ordered data mode. Quota mode: none.
[    3.810834] systemd[1]: System time before build time, advancing clock.
[    3.985898] NET: Registered PF_INET6 protocol family
[    3.987276] Segment Routing with IPv6
[    3.987323] In-situ OAM (IOAM) with IPv6
[    4.051996] systemd[1]: systemd 252.31-1~deb12u1 running in system mode (+PAM +AUDIT +SELINUX +APPARMOR +IMA +SMACK +SECCOMP +GCRYPT -GNUTLS +OPENSSL +ACL +BLKID +CURL +ELFUTILS +FIDO2 +IDN2 -IDN +IPTC +KMOD +LIBCRYPTSETUP +LIBFDISK +PCRE2 -PWQUALITY +P11KIT +QRENCODE +TPM2 +BZIP2 +LZ4 +XZ +ZLIB +ZSTD -BPF_FRAMEWORK -XKBCOMMON +UTMP +SYSVINIT default-hierarchy=unified)
[    4.052086] systemd[1]: Detected architecture arm64.
[    4.060288] systemd[1]: Hostname set to <Sensecap>.
[    4.665257] systemd[1]: Queued start job for default target graphical.target.
[    4.687403] systemd[1]: Created slice system-modprobe.slice - Slice /system/modprobe.
[    4.689305] systemd[1]: Created slice system-systemd\x2dfsck.slice - Slice /system/systemd-fsck.
[    4.690347] systemd[1]: Created slice user.slice - User and Session Slice.
[    4.691101] systemd[1]: Started systemd-ask-password-console.path - Dispatch Password Requests to Console Directory Watch.
[    4.691604] systemd[1]: Started systemd-ask-password-wall.path - Forward Password Requests to Wall Directory Watch.
[    4.692646] systemd[1]: Set up automount proc-sys-fs-binfmt_misc.automount - Arbitrary Executable File Formats File System Automount Point.
[    4.693007] systemd[1]: Expecting device dev-disk-by\x2dpartuuid-d698d7c7\x2d01.device - /dev/disk/by-partuuid/d698d7c7-01...
[    4.693281] systemd[1]: Reached target cryptsetup.target - Local Encrypted Volumes.
[    4.693618] systemd[1]: Reached target integritysetup.target - Local Integrity Protected Volumes.
[    4.693996] systemd[1]: Reached target paths.target - Path Units.
[    4.694353] systemd[1]: Reached target slices.target - Slice Units.
[    4.694646] systemd[1]: Reached target swap.target - Swaps.
[    4.694963] systemd[1]: Reached target veritysetup.target - Local Verity Protected Volumes.
[    4.695813] systemd[1]: Listening on systemd-fsckd.socket - fsck to fsckd communication Socket.
[    4.696328] systemd[1]: Listening on systemd-initctl.socket - initctl Compatibility Named Pipe.
[    4.697718] systemd[1]: Listening on systemd-journald-audit.socket - Journal Audit Socket.
[    4.698604] systemd[1]: Listening on systemd-journald-dev-log.socket - Journal Socket (/dev/log).
[    4.699444] systemd[1]: Listening on systemd-journald.socket - Journal Socket.
[    4.700887] systemd[1]: Listening on systemd-udevd-control.socket - udev Control Socket.
[    4.701672] systemd[1]: Listening on systemd-udevd-kernel.socket - udev Kernel Socket.
[    4.702592] systemd[1]: dev-hugepages.mount - Huge Pages File System was skipped because of an unmet condition check (ConditionPathExists=/sys/kernel/mm/hugepages).
[    4.706319] systemd[1]: Mounting dev-mqueue.mount - POSIX Message Queue File System...
[    4.710961] systemd[1]: Mounting sys-kernel-debug.mount - Kernel Debug File System...
[    4.715827] systemd[1]: Mounting sys-kernel-tracing.mount - Kernel Trace File System...
[    4.716845] systemd[1]: auth-rpcgss-module.service - Kernel Module supporting RPCSEC_GSS was skipped because of an unmet condition check (ConditionPathExists=/etc/krb5.keytab).
[    4.726683] systemd[1]: Starting fake-hwclock.service - Restore / save the current clock...
[    4.731483] systemd[1]: Starting keyboard-setup.service - Set the console keyboard layout...
[    4.741096] systemd[1]: Starting kmod-static-nodes.service - Create List of Static Device Nodes...
[    4.746732] systemd[1]: Starting modprobe@configfs.service - Load Kernel Module configfs...
[    4.753244] systemd[1]: Starting modprobe@dm_mod.service - Load Kernel Module dm_mod...
[    4.760027] systemd[1]: Starting modprobe@drm.service - Load Kernel Module drm...
[    4.766763] systemd[1]: Starting modprobe@efi_pstore.service - Load Kernel Module efi_pstore...
[    4.772734] systemd[1]: Starting modprobe@fuse.service - Load Kernel Module fuse...
[    4.779912] systemd[1]: Starting modprobe@loop.service - Load Kernel Module loop...
[    4.780967] systemd[1]: systemd-fsck-root.service - File System Check on Root Device was skipped because of an unmet condition check (ConditionPathExists=!/run/initramfs/fsck-root).
[    4.797037] systemd[1]: Starting systemd-journald.service - Journal Service...
[    4.816251] device-mapper: ioctl: 4.48.0-ioctl (2023-03-01) initialised: dm-devel@redhat.com
[    4.829469] systemd[1]: Starting systemd-modules-load.service - Load Kernel Modules...
[    4.834592] fuse: init (API version 7.39)
[    4.837245] systemd[1]: Starting systemd-remount-fs.service - Remount Root and Kernel File Systems...
[    4.843396] systemd[1]: Starting systemd-udev-trigger.service - Coldplug All udev Devices...
[    4.852265] systemd[1]: Mounted dev-mqueue.mount - POSIX Message Queue File System.
[    4.853421] systemd[1]: Mounted sys-kernel-debug.mount - Kernel Debug File System.
[    4.854411] systemd[1]: Mounted sys-kernel-tracing.mount - Kernel Trace File System.
[    4.855918] systemd[1]: Finished fake-hwclock.service - Restore / save the current clock.
[    4.858605] systemd[1]: Finished kmod-static-nodes.service - Create List of Static Device Nodes.
[    4.860801] systemd[1]: modprobe@configfs.service: Deactivated successfully.
[    4.861835] systemd[1]: Finished modprobe@configfs.service - Load Kernel Module configfs.
[    4.863930] systemd[1]: modprobe@dm_mod.service: Deactivated successfully.
[    4.869150] systemd[1]: Finished modprobe@dm_mod.service - Load Kernel Module dm_mod.
[    4.871444] systemd[1]: modprobe@efi_pstore.service: Deactivated successfully.
[    4.872441] systemd[1]: Finished modprobe@efi_pstore.service - Load Kernel Module efi_pstore.
[    4.878570] systemd[1]: modprobe@fuse.service: Deactivated successfully.
[    4.879625] systemd[1]: Finished modprobe@fuse.service - Load Kernel Module fuse.
[    4.881758] systemd[1]: modprobe@loop.service: Deactivated successfully.
[    4.882632] systemd[1]: Finished modprobe@loop.service - Load Kernel Module loop.
[    4.917121] systemd[1]: Mounting sys-fs-fuse-connections.mount - FUSE Control File System...
[    4.932247] systemd[1]: Mounting sys-kernel-config.mount - Kernel Configuration File System...
[    4.933350] systemd[1]: systemd-repart.service - Repartition Root Disk was skipped because no trigger condition checks were met.
[    4.939457] systemd[1]: Finished systemd-modules-load.service - Load Kernel Modules.
[    4.943075] systemd[1]: Mounted sys-fs-fuse-connections.mount - FUSE Control File System.
[    4.944252] systemd[1]: Mounted sys-kernel-config.mount - Kernel Configuration File System.
[    4.945518] EXT4-fs (mmcblk0p2): re-mounted ce208fd3-38a8-424a-87a2-cd44114eb820 r/w. Quota mode: none.
[    4.952837] systemd[1]: Finished systemd-remount-fs.service - Remount Root and Kernel File Systems.
[    4.953965] systemd[1]: systemd-firstboot.service - First Boot Wizard was skipped because of an unmet condition check (ConditionFirstBoot=yes).
[    4.954268] systemd[1]: systemd-pstore.service - Platform Persistent Storage Archival was skipped because of an unmet condition check (ConditionDirectoryNotEmpty=/sys/fs/pstore).
[    4.958922] systemd[1]: Starting systemd-random-seed.service - Load/Save Random Seed...
[    4.967844] systemd[1]: Starting systemd-sysctl.service - Apply Kernel Variables...
[    4.982227] systemd[1]: Starting systemd-sysusers.service - Create System Users...
[    4.999941] systemd[1]: modprobe@drm.service: Deactivated successfully.
[    5.005217] systemd[1]: Finished modprobe@drm.service - Load Kernel Module drm.
[    5.038094] systemd[1]: Finished systemd-random-seed.service - Load/Save Random Seed.
[    5.039073] systemd[1]: first-boot-complete.target - First Boot Complete was skipped because of an unmet condition check (ConditionFirstBoot=yes).
[    5.069158] systemd[1]: Started systemd-journald.service - Journal Service.
[    5.144719] systemd-journald[240]: Received client request to flush runtime journal.
[    5.157254] systemd-journald[240]: File /var/log/journal/e3463487e1e0449c93d65e0e7f00d30b/system.journal corrupted or uncleanly shut down, renaming and replacing.
[    6.130799] rpi-gpiomem fe200000.gpiomem: window base 0xfe200000 size 0x00001000
[    6.134376] mc: Linux media interface: v0.10
[    6.185073] rpi-gpiomem fe200000.gpiomem: initialised 1 regions as /dev/gpiomem
[    6.226223] vc_sm_cma: module is from the staging directory, the quality is unknown, you have been warned.
[    6.227645] bcm2835_vc_sm_cma_probe: Videocore shared memory driver
[    6.227672] [vc_sm_connected_init]: start
[    6.243849] [vc_sm_connected_init]: installed successfully
[    6.247961] snd_bcm2835: module is from the staging directory, the quality is unknown, you have been warned.
[    6.342618] videodev: Linux video capture interface: v2.00
[    6.348880] bcm2835_audio bcm2835_audio: card created with 8 channels
[    6.421086] bcm2835_mmal_vchiq: module is from the staging directory, the quality is unknown, you have been warned.
[    6.478760] bcm2835_isp: module is from the staging directory, the quality is unknown, you have been warned.
[    6.484920] rpivid_hevc: module is from the staging directory, the quality is unknown, you have been warned.
[    6.529619] bcm2835_codec: module is from the staging directory, the quality is unknown, you have been warned.
[    6.541554] bcm2835_v4l2: module is from the staging directory, the quality is unknown, you have been warned.
[    6.542118] bcm2835-isp bcm2835-isp: Device node output[0] registered as /dev/video13
[    6.543197] bcm2835-codec bcm2835-codec: Device registered as /dev/video10
[    6.543245] bcm2835-codec bcm2835-codec: Loaded V4L2 decode
[    6.543838] bcm2835-isp bcm2835-isp: Device node capture[0] registered as /dev/video14
[    6.544378] bcm2835-isp bcm2835-isp: Device node capture[1] registered as /dev/video15
[    6.545937] bcm2835-isp bcm2835-isp: Device node stats[2] registered as /dev/video16
[    6.545976] bcm2835-isp bcm2835-isp: Register output node 0 with media controller
[    6.545993] bcm2835-isp bcm2835-isp: Register capture node 1 with media controller
[    6.546006] bcm2835-isp bcm2835-isp: Register capture node 2 with media controller
[    6.555423] bcm2835-isp bcm2835-isp: Register capture node 3 with media controller
[    6.580738] bcm2835-codec bcm2835-codec: Device registered as /dev/video11
[    6.580799] bcm2835-codec bcm2835-codec: Loaded V4L2 encode
[    6.582804] rpivid feb10000.codec: Device registered as /dev/video19
[    6.587225] bcm2835-isp bcm2835-isp: Device node output[0] registered as /dev/video20
[    6.592715] bcm2835-isp bcm2835-isp: Device node capture[0] registered as /dev/video21
[    6.617060] bcm2835-codec bcm2835-codec: Device registered as /dev/video12
[    6.617110] bcm2835-codec bcm2835-codec: Loaded V4L2 isp
[    6.617843] bcm2835-isp bcm2835-isp: Device node capture[1] registered as /dev/video22
[    6.619344] bcm2835-isp bcm2835-isp: Device node stats[2] registered as /dev/video23
[    6.619380] bcm2835-isp bcm2835-isp: Register output node 0 with media controller
[    6.619395] bcm2835-isp bcm2835-isp: Register capture node 1 with media controller
[    6.619475] bcm2835-isp bcm2835-isp: Register capture node 2 with media controller
[    6.619489] bcm2835-isp bcm2835-isp: Register capture node 3 with media controller
[    6.620165] bcm2835-codec bcm2835-codec: Device registered as /dev/video18
[    6.620198] bcm2835-codec bcm2835-codec: Loaded V4L2 image_fx
[    6.660593] bcm2835-isp bcm2835-isp: Loaded V4L2 bcm2835-isp
[    6.664453] bcm2835-codec bcm2835-codec: Device registered as /dev/video31
[    6.664567] bcm2835-codec bcm2835-codec: Loaded V4L2 encode_image
[    6.737478] [drm] Initialized v3d 1.0.0 20180419 for fec00000.v3d on minor 0
[    6.748321] cfg80211: Loading compiled-in X.509 certificates for regulatory database
[    6.803645] Loaded X.509 cert 'benh@debian.org: 577e021cb980e0e820821ba7b54b4961b8b4fadf'
[    6.804698] Loaded X.509 cert 'romain.perier@gmail.com: 3abbc6ec146e09d1b6016ab9d6cf71dd233f0328'
[    6.805677] Loaded X.509 cert 'sforshee: 00b28ddf47aef9cea7'
[    6.806724] Loaded X.509 cert 'wens: 61c038651aabdcf94bd0ac7ff06c7248db18c600'
[    6.860981] Bluetooth: Core ver 2.22
[    6.861113] NET: Registered PF_BLUETOOTH protocol family
[    6.861123] Bluetooth: HCI device and connection manager initialized
[    6.861150] Bluetooth: HCI socket layer initialized
[    6.861164] Bluetooth: L2CAP socket layer initialized
[    6.861187] Bluetooth: SCO socket layer initialized
[    6.891958] Bluetooth: HCI UART driver ver 2.3
[    6.891987] Bluetooth: HCI UART protocol H4 registered
[    6.892115] Bluetooth: HCI UART protocol Three-wire (H5) registered
[    6.892827] Bluetooth: HCI UART protocol Broadcom registered
[    6.894085] hci_uart_bcm serial0-0: supply vbat not found, using dummy regulator
[    6.894322] hci_uart_bcm serial0-0: supply vddio not found, using dummy regulator
[    7.012782] uart-pl011 fe201000.serial: no DMA platform data
[    7.165543] brcmfmac: F1 signature read @0x18000000=0x15264345
[    7.171792] brcmfmac: brcmf_fw_alloc_request: using brcm/brcmfmac43455-sdio for chip BCM4345/6
[    7.172887] usbcore: registered new interface driver brcmfmac
[    7.253533] Bluetooth: hci0: BCM: chip id 107
[    7.254028] Bluetooth: hci0: BCM: features 0x2f
[    7.255321] Bluetooth: hci0: BCM4345C0
[    7.255354] Bluetooth: hci0: BCM4345C0 (003.001.025) build 0000
[    7.262965] Bluetooth: hci0: BCM4345C0 'brcm/BCM4345C0.raspberrypi,4-model-b.hcd' Patch
[    7.432335] vc4-drm gpu: bound fe400000.hvs (ops vc4_hvs_ops [vc4])
[    7.434788] Registered IR keymap rc-cec
[    7.435032] rc rc0: vc4-hdmi-0 as /devices/platform/soc/fef00700.hdmi/rc/rc0
[    7.435261] input: vc4-hdmi-0 as /devices/platform/soc/fef00700.hdmi/rc/rc0/input0
[    7.442028] brcmfmac: brcmf_c_process_txcap_blob: no txcap_blob available (err=-2)
[    7.442133] input: vc4-hdmi-0 HDMI Jack as /devices/platform/soc/fef00700.hdmi/sound/card1/input1
[    7.442789] brcmfmac: brcmf_c_preinit_dcmds: Firmware: BCM4345/6 wl0: Aug 29 2023 01:47:08 version 7.45.265 (28bca26 CY) FWID 01-b677b91b
[    7.446695] vc4-drm gpu: bound fef00700.hdmi (ops vc4_hdmi_ops [vc4])
[    7.453693] Registered IR keymap rc-cec
[    7.454193] rc rc1: vc4-hdmi-1 as /devices/platform/soc/fef05700.hdmi/rc/rc1
[    7.454636] input: vc4-hdmi-1 as /devices/platform/soc/fef05700.hdmi/rc/rc1/input2
[    7.463017] input: vc4-hdmi-1 HDMI Jack as /devices/platform/soc/fef05700.hdmi/sound/card2/input3
[    7.464099] vc4-drm gpu: bound fef05700.hdmi (ops vc4_hdmi_ops [vc4])
[    7.465323] vc4-drm gpu: bound fe004000.txp (ops vc4_txp_ops [vc4])
[    7.466603] vc4-drm gpu: bound fe206000.pixelvalve (ops vc4_crtc_ops [vc4])
[    7.467420] vc4-drm gpu: bound fe207000.pixelvalve (ops vc4_crtc_ops [vc4])
[    7.467892] vc4-drm gpu: bound fe20a000.pixelvalve (ops vc4_crtc_ops [vc4])
[    7.468158] vc4-drm gpu: bound fe216000.pixelvalve (ops vc4_crtc_ops [vc4])
[    7.468553] vc4-drm gpu: bound fec12000.pixelvalve (ops vc4_crtc_ops [vc4])
[    7.487517] [drm] Initialized vc4 0.0.0 20140616 for gpu on minor 1
[    7.488406] vc4-drm gpu: [drm] Cannot find any crtc or sizes
[    7.498548] vc4-drm gpu: [drm] Cannot find any crtc or sizes
[    7.498879] vc4-drm gpu: [drm] Cannot find any crtc or sizes
[    8.079438] Bluetooth: hci0: BCM: features 0x2f
[    8.080892] Bluetooth: hci0: BCM43455 37.4MHz Raspberry Pi 3+-0190
[    8.080920] Bluetooth: hci0: BCM4345C0 (003.001.025) build 0382
[    8.677794] dot11ah: loading out-of-tree module taints kernel.
[    8.688186] Morse Micro Dot11ah driver registration. Version 0-rel_mm6108_2_0_1_2026_Jun_11
[    8.688214] channelization_scheme = 3 (IEEE802.11-REVmf)
[    8.833583] Adding 524284k swap on /var/swap.  Priority:-2 extents:14 across:3874816k SS
[    9.009811] Bluetooth: BNEP (Ethernet Emulation) ver 1.3
[    9.009838] Bluetooth: BNEP filters: protocol multicast
[    9.009862] Bluetooth: BNEP socket layer initialized
[    9.028223] Bluetooth: MGMT ver 1.22
[    9.065741] NET: Registered PF_ALG protocol family
[   10.270058] morse micro driver registration. Version 0-rel_mm6108_2_0_1_2026_Jun_11
[   10.270242] morse_spi spi0.0: morse_of_probe: Reading gpio pins configuration from device tree
[   10.270278] Resetting Morse Chip
[   10.271202] bcmgenet fd580000.ethernet: configuring instance for external RGMII (RX delay)
[   10.271920] bcmgenet fd580000.ethernet eth0: Link is Down
[   10.291804] Done
[   10.314531] brcmfmac: brcmf_cfg80211_set_power_mgmt: power save enabled
[   10.376709] morse rx: 00000000: c0 3f ff ff ff ff ff ff ff ff ff ff
[   10.376747] morse rx: 00000000: c0 7f ff ff ff ff ff ff ff ff ff ff
[   10.376769] morse rx: 00000000: c0 7f ff ff ff ff ff ff ff ff ff ff
[   10.376792] morse rx: 00000000: c0 7f ff ff ff ff ff ff ff ff ff ff
[   10.376814] morse rx: 00000000: c0 7f ff ff ff ff ff ff ff ff ff ff
[   10.376836] morse rx: 00000000: c0 7f ff ff ff ff ff ff ff ff ff ff
[   10.376841] morse_spi spi0.0: morse_spi_probe: failed to init SPI with CMD63 (ret:-71)
[   10.376880] morse_spi_probe: probe failed (ret:-71)
[   10.376884] morse_spi: probe of spi0.0 failed with error -71
[   18.768832] systemd[998]: memfd_create() called without MFD_EXEC or MFD_NOEXEC_SEAL set
